mode: set
github.com/menellyn/task-tracker-api/main.go:21.13,22.40 1 0
github.com/menellyn/task-tracker-api/main.go:22.40,24.3 1 0
github.com/menellyn/task-tracker-api/main.go:26.2,27.23 2 0
github.com/menellyn/task-tracker-api/main.go:27.23,29.3 1 0
github.com/menellyn/task-tracker-api/main.go:31.2,32.16 2 0
github.com/menellyn/task-tracker-api/main.go:32.16,34.3 1 0
github.com/menellyn/task-tracker-api/main.go:35.2,37.34 2 0
github.com/menellyn/task-tracker-api/main.go:37.34,39.3 1 0
github.com/menellyn/task-tracker-api/main.go:41.2,46.16 4 0
github.com/menellyn/task-tracker-api/main.go:46.16,48.3 1 0
github.com/menellyn/task-tracker-api/main.go:50.2,50.26 1 0
github.com/menellyn/task-tracker-api/main.go:50.26,52.3 1 0
github.com/menellyn/task-tracker-api/internal/task/repository.go:14.52,16.2 1 1
github.com/menellyn/task-tracker-api/internal/task/repository.go:18.51,27.16 3 1
github.com/menellyn/task-tracker-api/internal/task/repository.go:27.16,29.3 1 0
github.com/menellyn/task-tracker-api/internal/task/repository.go:31.2,33.18 2 1
github.com/menellyn/task-tracker-api/internal/task/repository.go:33.18,40.17 2 1
github.com/menellyn/task-tracker-api/internal/task/repository.go:40.17,42.4 1 0
github.com/menellyn/task-tracker-api/internal/task/repository.go:44.3,44.30 1 1
github.com/menellyn/task-tracker-api/internal/task/repository.go:47.2,47.35 1 1
github.com/menellyn/task-tracker-api/internal/task/repository.go:47.35,49.3 1 0
github.com/menellyn/task-tracker-api/internal/task/repository.go:51.2,51.19 1 1
github.com/menellyn/task-tracker-api/internal/task/repository.go:54.56,68.35 3 1
github.com/menellyn/task-tracker-api/internal/task/repository.go:68.35,70.3 1 1
github.com/menellyn/task-tracker-api/internal/task/repository.go:72.2,72.16 1 1
github.com/menellyn/task-tracker-api/internal/task/repository.go:72.16,74.3 1 0
github.com/menellyn/task-tracker-api/internal/task/repository.go:76.2,76.18 1 1
github.com/menellyn/task-tracker-api/internal/task/repository.go:79.58,91.16 2 1
github.com/menellyn/task-tracker-api/internal/task/repository.go:91.16,93.3 1 0
github.com/menellyn/task-tracker-api/internal/task/repository.go:95.2,95.18 1 1
github.com/menellyn/task-tracker-api/internal/task/repository.go:99.49,107.16 2 1
github.com/menellyn/task-tracker-api/internal/task/repository.go:107.16,109.3 1 0
github.com/menellyn/task-tracker-api/internal/task/repository.go:111.2,112.16 2 1
github.com/menellyn/task-tracker-api/internal/task/repository.go:112.16,114.3 1 0
github.com/menellyn/task-tracker-api/internal/task/repository.go:116.2,116.23 1 1
github.com/menellyn/task-tracker-api/internal/task/repository.go:116.23,118.3 1 1
github.com/menellyn/task-tracker-api/internal/task/repository.go:120.2,120.12 1 1
github.com/menellyn/task-tracker-api/internal/task/repository.go:123.47,130.16 2 1
github.com/menellyn/task-tracker-api/internal/task/repository.go:130.16,132.3 1 0
github.com/menellyn/task-tracker-api/internal/task/repository.go:134.2,135.16 2 1
github.com/menellyn/task-tracker-api/internal/task/repository.go:135.16,137.3 1 0
github.com/menellyn/task-tracker-api/internal/task/repository.go:139.2,139.23 1 1
github.com/menellyn/task-tracker-api/internal/task/repository.go:139.23,141.3 1 1
github.com/menellyn/task-tracker-api/internal/task/repository.go:143.2,143.12 1 1
